// Jest Snapshot v1, https://goo.gl/fbAQLP

exports[`Schema testing Throws an error for a dog missing an age 1`] = `"undefined is required"`;

exports[`Schema testing Throws an error for a dog with a name that has an invalid data type 1`] = `"Cannot cast >>[object Object]<< to String"`;

exports[`Schema testing Throws an error for an dog missing name 1`] = `"undefined is required"`;
